<html>
<body>
<pre>
<h1>µVision Build Log</h1>
<h2>Tool Versions:</h2>
IDE-Version: ¦ÌVision V5.29.0.0
Copyright (C) 2019 ARM Ltd and ARM Germany GmbH. All rights reserved.
License Information: de ewf, fds, LIC=47GU5-GZ4TM-63VMB-24QAW-JZCP0-JVWNU
 
Tool Versions:
Toolchain:       MDK-ARM Plus  Version: 5.29.0.0
Toolchain Path:  e:\Keil_v5\ARM\ARMCC\Bin
C Compiler:      Armcc.exe V5.06 update 6 (build 750)
Assembler:       Armasm.exe V5.06 update 6 (build 750)
Linker/Locator:  ArmLink.exe V5.06 update 6 (build 750)
Library Manager: ArmAr.exe V5.06 update 6 (build 750)
Hex Converter:   FromElf.exe V5.06 update 6 (build 750)
CPU DLL:         SARMCM3.DLL V5.29.0.0
Dialog DLL:      DCM.DLL V1.17.3.0
Target DLL:      Segger\JL2CM3.dll V2.99.36.0
Dialog DLL:      TCM.DLL V1.36.5.0
 
<h2>Project:</h2>
F:\03-MCUPRJ\STM32\CUSTOM\M3\STM32F103C\USART\usart_cube_example\MDK-ARM\usart_cube_example.uvprojx
Project File Date:  05/11/2020

<h2>Output:</h2>
*** Using Compiler 'V5.06 update 6 (build 750)', folder: 'e:\Keil_v5\ARM\ARMCC\Bin'
Build target 'usart_cube_example'
compiling main.c...
linking...
Program Size: Code=5152 RO-data=292 RW-data=16 ZI-data=1168  
FromELF: creating hex file...
"usart_cube_example\usart_cube_example.axf" - 0 Error(s), 0 Warning(s).

<h2>Software Packages used:</h2>

Package Vendor: ARM
                http://www.keil.com/pack/ARM.CMSIS.5.6.0.pack
                ARM.CMSIS.5.6.0
                CMSIS (Cortex Microcontroller Software Interface Standard)
   * Component: CORE Version: 5.3.0

Package Vendor: Keil
                http://www.keil.com/pack/Keil.STM32F1xx_DFP.2.1.0.pack
                Keil.STM32F1xx_DFP.2.1.0
                STMicroelectronics STM32F1 Series Device Support, Drivers and Examples

<h2>Collection of Component include folders:</h2>
  .\RTE\_usart_cube_example
  e:\Keil_v5\ARM\PACK\ARM\CMSIS\5.6.0\CMSIS\Core\Include
  e:\Keil_v5\ARM\PACK\Keil\STM32F1xx_DFP\2.1.0\Device\Include

<h2>Collection of Component Files used:</h2>

   * Component: ARM::CMSIS:CORE:5.3.0
Build Time Elapsed:  00:00:01
</pre>
</body>
</html>
